// Jest Snapshot v1, https://goo.gl/fbAQLP

exports[`TaskInput should set in state 1`] = `ShallowWrapper {}`;
