// Jest Snapshot v1, https://goo.gl/fbAQLP

exports[`Footer test should render correctly 1`] = `ShallowWrapper {}`;
